#
# There is insufficient memory for the Java Runtime Environment to continue.
# Native memory allocation (malloc) failed to allocate 1048576 bytes. Error detail: AllocateHeap
# Possible reasons:
#   The system is out of physical RAM or swap space
#   This process is running with CompressedOops enabled, and the Java Heap may be blocking the growth of the native heap
# Possible solutions:
#   Reduce memory load on the system
#   Increase physical memory or swap space
#   Check if swap backing store is full
#   Decrease Java heap size (-Xmx/-Xms)
#   Decrease number of Java threads
#   Decrease Java thread stack sizes (-Xss)
#   Set larger code cache with -XX:ReservedCodeCacheSize=
#   JVM is running with Unscaled Compressed Oops mode in which the Java heap is
#     placed in the first 4GB address space. The Java Heap base address is the
#     maximum limit for the native heap growth. Please use -XX:HeapBaseMinAddress
#     to set the Java Heap base and to place the Java Heap above 4GB virtual address.
# This output file may be truncated or incomplete.
#
#  Out of Memory Error (allocation.cpp:44), pid=19272, tid=12988
#
# JRE version:  (21.0.10+7) (build )
# Java VM: OpenJDK 64-Bit Server VM (21.0.10+7-LTS, mixed mode, tiered, compressed oops, compressed class ptrs, parallel gc, windows-amd64)
# No core dump will be written. Minidumps are not enabled by default on client versions of Windows
#

---------------  S U M M A R Y ------------

Command Line: --add-modules=ALL-SYSTEM --add-opens=java.base/java.util=ALL-UNNAMED --add-opens=java.base/java.lang=ALL-UNNAMED --add-opens=java.base/sun.nio.fs=ALL-UNNAMED -Declipse.application=org.eclipse.jdt.ls.core.id1 -Dosgi.bundles.defaultStartLevel=4 -Declipse.product=org.eclipse.jdt.ls.core.product -Djava.import.generatesMetadataFilesAtProjectRoot=false -DDetectVMInstallationsJob.disabled=true -Dfile.encoding=utf8 -XX:+UseParallelGC -XX:GCTimeRatio=4 -XX:AdaptiveSizePolicyWeight=90 -Dsun.zip.disableMemoryMapping=true -Xmx2G -Xms100m -Xlog:disable -javaagent:c:\Users\THINKPAD\.vscode\extensions\redhat.java-1.54.0-win32-x64\lombok\lombok-1.18.39-4050.jar c:\Users\THINKPAD\.vscode\extensions\redhat.java-1.54.0-win32-x64\server\plugins\org.eclipse.equinox.launcher_1.7.100.v20251111-0406.jar -configuration c:\Users\THINKPAD\AppData\Roaming\Code\User\globalStorage\redhat.java\1.54.0\config_ss_win -data c:\Users\THINKPAD\AppData\Roaming\Code\User\workspaceStorage\517f748c4156a5bd48bd4058522aeea7\redhat.java\ss_ws --pipe=\\.\pipe\lsp-69642c9d6324245a61d549cf4bbb5af3-sock

Host: AMD Ryzen 7 PRO 5850U with Radeon Graphics     , 16 cores, 14G,  Windows 11 , 64 bit Build 26100 (10.0.26100.8328)
Time: Fri May 29 09:48:09 2026 SE Asia Standard Time elapsed time: 0.096985 seconds (0d 0h 0m 0s)

---------------  T H R E A D  ---------------

Current thread (0x00000174ba371a60):  JavaThread "Unknown thread" [_thread_in_vm, id=12988, stack(0x000000498e600000,0x000000498e700000) (1024K)]

Stack: [0x000000498e600000,0x000000498e700000]
Native frames: (J=compiled Java code, j=interpreted, Vv=VM code, C=native code)
V  [jvm.dll+0x6d7a39]
V  [jvm.dll+0x8b4b26]
V  [jvm.dll+0x8b70de]
V  [jvm.dll+0x8b77c3]
V  [jvm.dll+0x284346]
V  [jvm.dll+0xc1277]
V  [jvm.dll+0x70ba02]
V  [jvm.dll+0x70c73c]
V  [jvm.dll+0x6e65d3]
V  [jvm.dll+0x87f17c]
V  [jvm.dll+0x3c49fc]
V  [jvm.dll+0x867e6b]
V  [jvm.dll+0x457b31]
V  [jvm.dll+0x459721]
C  [jli.dll+0x52d0]
C  [ucrtbase.dll+0x37b0]
C  [KERNEL32.DLL+0x2e957]
C  [ntdll.dll+0x427c]


---------------  P R O C E S S  ---------------

Threads class SMR info:
_java_thread_list=0x00000174ba3952c0, length=1, elements={
0x00000174ba371a60
}

Java Threads: ( => current thread )
=>0x00000174ba371a60 JavaThread "Unknown thread"             [_thread_in_vm, id=12988, stack(0x000000498e600000,0x000000498e700000) (1024K)]
Total: 1

Other Threads:
  0x00000174d0cfba00 WatcherThread "VM Periodic Task Thread"        [id=13796, stack(0x000000498e800000,0x000000498e900000) (1024K)]
  0x00000174ba38eb30 WorkerThread "GC Thread#0"                     [id=27572, stack(0x000000498e700000,0x000000498e800000) (1024K)]
Total: 2

Threads with active compile tasks:
Total: 0

VM state: not at safepoint (normal execution)

VM Mutex/Monitor currently owned by a thread: None

Heap address: 0x0000000080000000, size: 2048 MB, Compressed Oops mode: 32-bit

CDS archive(s) not mapped
Compressed class space mapped at: 0x0000000100000000-0x0000000140000000, reserved size: 1073741824
Narrow klass base: 0x0000000000000000, Narrow klass shift: 3, Narrow klass range: 0x140000000

GC Precious Log:
 CardTable entry size: 512
 CPUs: 16 total, 16 available
 Memory: 15182M
 Large Page Support: Disabled
 NUMA Support: Disabled
 Compressed Oops: Enabled (32-bit)
 Alignments: Space 512K, Generation 512K, Heap 2M
 Heap Min Capacity: 100M
 Heap Initial Capacity: 100M
 Heap Max Capacity: 2G
 Pre-touch: Disabled
 Parallel Workers: 13

Heap:
 PSYoungGen      total 29696K, used 512K [0x00000000d5580000, 0x00000000d7680000, 0x0000000100000000)
  eden space 25600K, 2% used [0x00000000d5580000,0x00000000d5600070,0x00000000d6e80000)
  from space 4096K, 0% used [0x00000000d7280000,0x00000000d7280000,0x00000000d7680000)
  to   space 4096K, 0% used [0x00000000d6e80000,0x00000000d6e80000,0x00000000d7280000)
 ParOldGen       total 68608K, used 0K [0x0000000080000000, 0x0000000084300000, 0x00000000d5580000)
  object space 68608K, 0% used [0x0000000080000000,0x0000000080000000,0x0000000084300000)
 Metaspace       used 1381K, committed 1408K, reserved 1114112K
  class space    used 111K, committed 128K, reserved 1048576K

Card table byte_map: [0x00000174b9d10000,0x00000174ba120000] _byte_map_base: 0x00000174b9910000

Marking Bits: (ParMarkBitMap*) 0x00007ffba73c3450
 Begin Bits: [0x00000174cc820000, 0x00000174ce820000)
 End Bits:   [0x00000174ce820000, 0x00000174d0820000)

Polling page: 0x00000174b8440000

Metaspace:

Usage:
  Non-class:      1.24 MB used.
      Class:    111.10 KB used.
       Both:      1.35 MB used.

Virtual space:
  Non-class space:       64.00 MB reserved,       1.25 MB (  2%) committed,  1 nodes.
      Class space:        1.00 GB reserved,     128.00 KB ( <1%) committed,  1 nodes.
             Both:        1.06 GB reserved,       1.38 MB ( <1%) committed. 

Chunk freelists:
   Non-Class:  12.00 MB
       Class:  15.75 MB
        Both:  27.75 MB

MaxMetaspaceSize: unlimited
CompressedClassSpaceSize: 1.00 GB
Initial GC threshold: 21.00 MB
Current GC threshold: 17179869184.00 GB
CDS: off
 - commit_granule_bytes: 65536.
 - commit_granule_words: 8192.
 - virtual_space_node_default_size: 8388608.
 - enlarge_chunks_in_place: 1.
 - use_allocation_guard: 0.


Internal statistics:

num_allocs_failed_limit: 0.
num_arena_births: 2.
num_arena_deaths: 0.
num_vsnodes_births: 2.
num_vsnodes_deaths: 0.
num_space_committed: 22.
num_space_uncommitted: 0.
num_chunks_returned_to_freelist: 0.
num_chunks_taken_from_freelist: 3.
num_chunk_merges: 0.
num_chunk_splits: 2.
num_chunks_enlarged: 0.
num_inconsistent_stats: 0.

CodeHeap 'non-profiled nmethods': size=119168Kb used=0Kb max_used=0Kb free=119168Kb
 bounds [0x00000174c5110000, 0x00000174c5380000, 0x00000174cc570000]
CodeHeap 'profiled nmethods': size=119104Kb used=0Kb max_used=0Kb free=119104Kb
 bounds [0x00000174bd570000, 0x00000174bd7e0000, 0x00000174c49c0000]
CodeHeap 'non-nmethods': size=7488Kb used=194Kb max_used=342Kb free=7293Kb
 bounds [0x00000174c49c0000, 0x00000174c4c30000, 0x00000174c5110000]
CodeCache: size=245760Kb, used=194Kb, max_used=342Kb, free=245565Kb
 total_blobs=70, nmethods=0, adapters=48, full_count=0
Compilation: enabled, stopped_count=0, restarted_count=0

Compilation events (0 events):
No events

GC Heap History (0 events):
No events

Dll operation events (2 events):
Event: 0.019 Loaded shared library c:\Users\THINKPAD\.vscode\extensions\redhat.java-1.54.0-win32-x64\jre\21.0.10-win32-x86_64\bin\java.dll
Event: 0.037 Loaded shared library c:\Users\THINKPAD\.vscode\extensions\redhat.java-1.54.0-win32-x64\jre\21.0.10-win32-x86_64\bin\zip.dll

Deoptimization events (0 events):
No events

Classes loaded (20 events):
Event: 0.085 Loading class java/util/Iterator
Event: 0.085 Loading class java/util/Iterator done
Event: 0.085 Loading class java/lang/reflect/RecordComponent
Event: 0.086 Loading class java/lang/reflect/RecordComponent done
Event: 0.086 Loading class jdk/internal/vm/vector/VectorSupport
Event: 0.087 Loading class jdk/internal/vm/vector/VectorSupport done
Event: 0.087 Loading class jdk/internal/vm/vector/VectorSupport$VectorPayload
Event: 0.087 Loading class jdk/internal/vm/vector/VectorSupport$VectorPayload done
Event: 0.087 Loading class jdk/internal/vm/vector/VectorSupport$Vector
Event: 0.087 Loading class jdk/internal/vm/vector/VectorSupport$Vector done
Event: 0.087 Loading class jdk/internal/vm/vector/VectorSupport$VectorMask
Event: 0.087 Loading class jdk/internal/vm/vector/VectorSupport$VectorMask done
Event: 0.087 Loading class jdk/internal/vm/vector/VectorSupport$VectorShuffle
Event: 0.087 Loading class jdk/internal/vm/vector/VectorSupport$VectorShuffle done
Event: 0.087 Loading class jdk/internal/vm/FillerObject
Event: 0.087 Loading class jdk/internal/vm/FillerObject done
Event: 0.092 Loading class java/lang/NullPointerException
Event: 0.093 Loading class java/lang/NullPointerException done
Event: 0.093 Loading class java/lang/ArithmeticException
Event: 0.093 Loading class java/lang/ArithmeticException done

Classes unloaded (0 events):
No events

Classes redefined (0 events):
No events

Internal exceptions (0 events):
No events

ZGC Phase Switch (0 events):
No events

VM Operations (0 events):
No events

Memory protections (0 events):
No events

Nmethod flushes (0 events):
No events

Events (1 events):
Event: 0.034 Thread 0x00000174ba371a60 Thread added: 0x00000174ba371a60


Dynamic libraries:
0x00007ff7e9520000 - 0x00007ff7e952e000 	c:\Users\THINKPAD\.vscode\extensions\redhat.java-1.54.0-win32-x64\jre\21.0.10-win32-x86_64\bin\java.exe
0x00007ffc0a6e0000 - 0x00007ffc0a947000 	C:\WINDOWS\SYSTEM32\ntdll.dll
0x00007ffc097f0000 - 0x00007ffc098b9000 	C:\WINDOWS\System32\KERNEL32.DLL
0x00007ffc07fd0000 - 0x00007ffc083c7000 	C:\WINDOWS\System32\KERNELBASE.dll
0x00007ffc07290000 - 0x00007ffc073db000 	C:\WINDOWS\System32\ucrtbase.dll
0x00007ffbfc0c0000 - 0x00007ffbfc0de000 	c:\Users\THINKPAD\.vscode\extensions\redhat.java-1.54.0-win32-x64\jre\21.0.10-win32-x86_64\bin\VCRUNTIME140.dll
0x00007ffbfc1e0000 - 0x00007ffbfc1f8000 	c:\Users\THINKPAD\.vscode\extensions\redhat.java-1.54.0-win32-x64\jre\21.0.10-win32-x86_64\bin\jli.dll
0x00007ffc098c0000 - 0x00007ffc09a86000 	C:\WINDOWS\System32\USER32.dll
0x00007ffbf3ec0000 - 0x00007ffbf4152000 	C:\WINDOWS\WinSxS\amd64_microsoft.windows.common-controls_6595b64144ccf1df_6.0.26100.8457_none_3e0b2faee331e92d\COMCTL32.dll
0x00007ffc07ef0000 - 0x00007ffc07f17000 	C:\WINDOWS\System32\win32u.dll
0x00007ffc093a0000 - 0x00007ffc09449000 	C:\WINDOWS\System32\msvcrt.dll
0x00007ffc0a2e0000 - 0x00007ffc0a30b000 	C:\WINDOWS\System32\GDI32.dll
0x00007ffc073e0000 - 0x00007ffc0750c000 	C:\WINDOWS\System32\gdi32full.dll
0x00007ffc07510000 - 0x00007ffc075b3000 	C:\WINDOWS\System32\msvcp_win.dll
0x00007ffc0a2a0000 - 0x00007ffc0a2d2000 	C:\WINDOWS\System32\IMM32.DLL
0x00007ffc009c0000 - 0x00007ffc009cc000 	c:\Users\THINKPAD\.vscode\extensions\redhat.java-1.54.0-win32-x64\jre\21.0.10-win32-x86_64\bin\vcruntime140_1.dll
0x00007ffbc1a20000 - 0x00007ffbc1aad000 	c:\Users\THINKPAD\.vscode\extensions\redhat.java-1.54.0-win32-x64\jre\21.0.10-win32-x86_64\bin\msvcp140.dll
0x00007ffba6700000 - 0x00007ffba74a1000 	c:\Users\THINKPAD\.vscode\extensions\redhat.java-1.54.0-win32-x64\jre\21.0.10-win32-x86_64\bin\server\jvm.dll
0x00007ffc08ed0000 - 0x00007ffc08f86000 	C:\WINDOWS\System32\ADVAPI32.dll
0x00007ffc08ba0000 - 0x00007ffc08c47000 	C:\WINDOWS\System32\sechost.dll
0x00007ffc09450000 - 0x00007ffc09568000 	C:\WINDOWS\System32\RPCRT4.dll
0x00007ffc08c50000 - 0x00007ffc08cd0000 	C:\WINDOWS\System32\WS2_32.dll
0x00007ffc06f70000 - 0x00007ffc06fce000 	C:\WINDOWS\SYSTEM32\POWRPROF.dll
0x00007ffbfed40000 - 0x00007ffbfed76000 	C:\WINDOWS\SYSTEM32\WINMM.dll
0x00007ffbfed80000 - 0x00007ffbfed8b000 	C:\WINDOWS\SYSTEM32\VERSION.dll
0x00007ffc06f50000 - 0x00007ffc06f64000 	C:\WINDOWS\SYSTEM32\UMPDC.dll
0x00007ffc05e40000 - 0x00007ffc05e5b000 	C:\WINDOWS\SYSTEM32\kernel.appcore.dll
0x00007ffc001d0000 - 0x00007ffc001da000 	c:\Users\THINKPAD\.vscode\extensions\redhat.java-1.54.0-win32-x64\jre\21.0.10-win32-x86_64\bin\jimage.dll
0x00007ffc050f0000 - 0x00007ffc05332000 	C:\WINDOWS\SYSTEM32\DBGHELP.DLL
0x00007ffc08f90000 - 0x00007ffc09313000 	C:\WINDOWS\System32\combase.dll
0x00007ffc08cf0000 - 0x00007ffc08dc9000 	C:\WINDOWS\System32\OLEAUT32.dll
0x00007ffbf41a0000 - 0x00007ffbf41db000 	C:\WINDOWS\SYSTEM32\dbgcore.DLL
0x00007ffc07f20000 - 0x00007ffc07fc8000 	C:\WINDOWS\System32\bcryptPrimitives.dll
0x00007ffc00190000 - 0x00007ffc0019f000 	c:\Users\THINKPAD\.vscode\extensions\redhat.java-1.54.0-win32-x64\jre\21.0.10-win32-x86_64\bin\instrument.dll
0x00007ffbf8f20000 - 0x00007ffbf8f40000 	c:\Users\THINKPAD\.vscode\extensions\redhat.java-1.54.0-win32-x64\jre\21.0.10-win32-x86_64\bin\java.dll
0x00007ffbf8430000 - 0x00007ffbf8448000 	c:\Users\THINKPAD\.vscode\extensions\redhat.java-1.54.0-win32-x64\jre\21.0.10-win32-x86_64\bin\zip.dll

JVMTI agents:
c:\Users\THINKPAD\.vscode\extensions\redhat.java-1.54.0-win32-x64\lombok\lombok-1.18.39-4050.jar path:none, loaded, not initialized, instrumentlib options:none

dbghelp: loaded successfully - version: 4.0.5 - missing functions: none
symbol engine: initialized successfully - sym options: 0x614 - pdb path: .;c:\Users\THINKPAD\.vscode\extensions\redhat.java-1.54.0-win32-x64\jre\21.0.10-win32-x86_64\bin;C:\WINDOWS\SYSTEM32;C:\WINDOWS\WinSxS\amd64_microsoft.windows.common-controls_6595b64144ccf1df_6.0.26100.8457_none_3e0b2faee331e92d;c:\Users\THINKPAD\.vscode\extensions\redhat.java-1.54.0-win32-x64\jre\21.0.10-win32-x86_64\bin\server

VM Arguments:
jvm_args: --add-modules=ALL-SYSTEM --add-opens=java.base/java.util=ALL-UNNAMED --add-opens=java.base/java.lang=ALL-UNNAMED --add-opens=java.base/sun.nio.fs=ALL-UNNAMED -Declipse.application=org.eclipse.jdt.ls.core.id1 -Dosgi.bundles.defaultStartLevel=4 -Declipse.product=org.eclipse.jdt.ls.core.product -Djava.import.generatesMetadataFilesAtProjectRoot=false -DDetectVMInstallationsJob.disabled=true -Dfile.encoding=utf8 -XX:+UseParallelGC -XX:GCTimeRatio=4 -XX:AdaptiveSizePolicyWeight=90 -Dsun.zip.disableMemoryMapping=true -Xmx2G -Xms100m -Xlog:disable -javaagent:c:\Users\THINKPAD\.vscode\extensions\redhat.java-1.54.0-win32-x64\lombok\lombok-1.18.39-4050.jar 
java_command: c:\Users\THINKPAD\.vscode\extensions\redhat.java-1.54.0-win32-x64\server\plugins\org.eclipse.equinox.launcher_1.7.100.v20251111-0406.jar -configuration c:\Users\THINKPAD\AppData\Roaming\Code\User\globalStorage\redhat.java\1.54.0\config_ss_win -data c:\Users\THINKPAD\AppData\Roaming\Code\User\workspaceStorage\517f748c4156a5bd48bd4058522aeea7\redhat.java\ss_ws --pipe=\\.\pipe\lsp-69642c9d6324245a61d549cf4bbb5af3-sock
java_class_path (initial): c:\Users\THINKPAD\.vscode\extensions\redhat.java-1.54.0-win32-x64\server\plugins\org.eclipse.equinox.launcher_1.7.100.v20251111-0406.jar
Launcher Type: SUN_STANDARD

[Global flags]
    uintx AdaptiveSizePolicyWeight                 = 90                                        {product} {command line}
     intx CICompilerCount                          = 12                                        {product} {ergonomic}
    uintx GCTimeRatio                              = 4                                         {product} {command line}
   size_t InitialHeapSize                          = 104857600                                 {product} {command line}
   size_t MaxHeapSize                              = 2147483648                                {product} {command line}
   size_t MaxNewSize                               = 715653120                                 {product} {ergonomic}
   size_t MinHeapDeltaBytes                        = 524288                                    {product} {ergonomic}
   size_t MinHeapSize                              = 104857600                                 {product} {command line}
   size_t NewSize                                  = 34603008                                  {product} {ergonomic}
    uintx NonNMethodCodeHeapSize                   = 7602480                                {pd product} {ergonomic}
    uintx NonProfiledCodeHeapSize                  = 122027880                              {pd product} {ergonomic}
   size_t OldSize                                  = 70254592                                  {product} {ergonomic}
    uintx ProfiledCodeHeapSize                     = 122027880                              {pd product} {ergonomic}
    uintx ReservedCodeCacheSize                    = 251658240                              {pd product} {ergonomic}
     bool SegmentedCodeCache                       = true                                      {product} {ergonomic}
   size_t SoftMaxHeapSize                          = 2147483648                             {manageable} {ergonomic}
     bool UseCompressedOops                        = true                           {product lp64_product} {ergonomic}
     bool UseLargePagesIndividualAllocation        = false                                  {pd product} {ergonomic}
     bool UseParallelGC                            = true                                      {product} {command line}

Logging:
Log output configuration:
 #0: stdout all=off uptime,level,tags foldmultilines=false
 #1: stderr all=off uptime,level,tags foldmultilines=false

Release file:
<release file has not been read>
Environment Variables:
JAVA_HOME=C:\Users\THINKPAD\.jdks\corretto-1.8.0_432
PATH=C:\Users\THINKPAD\.jdks\corretto-1.8.0_432\bin;C:\Program Files (x86)\VMware\VMware Workstation\bin\;C:\WINDOWS\system32;C:\WINDOWS;C:\WINDOWS\System32\Wbem;C:\WINDOWS\System32\WindowsPowerShell\v1.0\;C:\WINDOWS\System32\OpenSSH\;C:\Users\THINKPAD\Downloads\MinGW\bin;C:\Program Files (x86)\Microsoft SQL Server\160\Tools\Binn\;C:\Program Files\Microsoft SQL Server\160\Tools\Binn\;C:\Program Files\Microsoft SQL Server\Client SDK\ODBC\170\Tools\Binn\;C:\Program Files\Microsoft SQL Server\160\DTS\Binn\;C:\Program Files (x86)\Microsoft SQL Server\160\DTS\Binn\;C:\Program Files\Azure Data Studio\bin;C:\Program Files\Git\cmd;C:\Program Files\dotnet\;C:\Program Files\Microsoft SQL Server\150\Tools\Binn\;C:\Users\THINKPAD\Downloads\apache-maven-3.9.8-bin\apache-maven-3.9.8\bin;C:\Program Files\TortoiseGit\bin;C:\Program Files (x86)\Windows Kits\10\Windows Performance Toolkit\;C:\Program Files\Docker\Docker\resources\bin;C:\Program Files\Cloudflare\Cloudflare WARP\;C:\Users\THINKPAD\AppData\Local\nvm;C:\nvm4w\nodejs;C:\Users\THINKPAD\.jdks\corretto-1.8.0_432\bin;C:\Program Files\MySQL\MySQL Shell 8.0\bin\;C:\Users\THINKPAD\AppData\Local\Microsoft\WindowsApps;C:\Users\THINKPAD\AppData\Local\Programs\Microsoft VS Code\bin;C:\Users\THINKPAD\Downloads\MinGW\bin;C:\Program Files\JetBrains\IntelliJ IDEA Community Edition 2023.2.1\bin;;C:\Program Files\Azure Data Studio\bin;C:\Users\THINKPAD\AppData\Local\GitHubDesktop\bin;C:\Users\THINKPAD\.dotnet\tools;D:\Download\apache-tomcat-8.5.34\bin;D:\Download\apache-maven-3.9.8\bin;C:\Program Files (x86)\Nmap;C:\Users\THINKPAD\AppData\Local\Programs\Antigravity\bin;C:\Users\THINKPAD\AppData\Local\nvm;C:\nvm4w\nodejs;C:\Users\THINKPAD\AppData\Local\Programs\cursor\resources\app\bin
USERNAME=THINKPAD
OS=Windows_NT
PROCESSOR_IDENTIFIER=AMD64 Family 25 Model 80 Stepping 0, AuthenticAMD
TMP=C:\Users\THINKPAD\AppData\Local\Temp
TEMP=C:\Users\THINKPAD\AppData\Local\Temp




Periodic native trim disabled

---------------  S Y S T E M  ---------------

OS:
 Windows 11 , 64 bit Build 26100 (10.0.26100.8328)
OS uptime: 0 days 21:42 hours
Hyper-V role detected

CPU: total 16 (initial active 16) (16 cores per cpu, 2 threads per core) family 25 model 80 stepping 0 microcode 0xa50000c, cx8, cmov, fxsr, ht, mmx, 3dnowpref, sse, sse2, sse3, ssse3, sse4a, sse4.1, sse4.2, popcnt, lzcnt, tsc, tscinvbit, avx, avx2, aes, erms, clmul, bmi1, bmi2, adx, sha, fma, vzeroupper, clflush, clflushopt, hv, rdtscp, rdpid, fsrm, f16c, cet_ss
Processor Information for the first 16 processors :
  Max Mhz: 1901, Current Mhz: 1901, Mhz Limit: 1901

Memory: 4k page, system-wide physical 15182M (2067M free)
TotalPageFile size 26801M (AvailPageFile size 11M)
current process WorkingSet (physical memory assigned to process): 18M, peak: 18M
current process commit charge ("private bytes"): 183M, peak: 191M

vm_info: OpenJDK 64-Bit Server VM (21.0.10+7-LTS) for windows-amd64 JRE (21.0.10+7-LTS), built on 2026-01-20T00:00:00Z by "admin" with MS VC++ 17.12 (VS2022)

END.
